[90m┌[0m[90m──────────────────────────────[0m[90m─[0m[90m──────────────────────────────────────────[0m[90m─[0m[90m───────[0m[90m┐[0m
[90m│[0m          [1mConfiguration folder: {TESTS_FOLDER}/volatile/config[0m         [90m│[0m
[90m├[0m[90m──────────────────────────────[0m[90m┬[0m[90m──────────────────────────────────────────[0m[90m┬[0m[90m───────[0m[90m┤[0m
[90m│[0m          [1mIdentifier[0m          [90m│[0m               [1mDescription[0m                [90m│[0m [1mValue[0m [90m│[0m
[90m╞[0m[90m══════════════════════════════[0m[90m╪[0m[90m══════════════════════════════════════════[0m[90m╪[0m[90m═══════[0m[90m╡[0m
[90m│[0m leaf.download.resume.disable [90m│[0m Disable resume when a download fails     [90m│[0m       [90m│[0m
[90m│[0m leaf.download.retry          [90m│[0m Retry count for download operations      [90m│[0m "5"   [90m│[0m
[90m│[0m leaf.download.timeout        [90m│[0m Timeout (in sec) for download operations [90m│[0m "20"  [90m│[0m
[90m└[0m[90m──────────────────────────────[0m[90m┴[0m[90m──────────────────────────────────────────[0m[90m┴[0m[90m───────[0m[90m┘[0m
