condition-B_1.0
condition-D_1.0
condition-E_1.0
condition_1.0
