condition_1.0
condition-H_1.0
condition-F_1.0
condition-D_1.0
condition-B_1.0
