[90m┌[0m[90m───────────────[0m[90m─[0m[90m──────────[0m[90m─[0m[90m─────────────────[0m[90m┐[0m
[90m│[0m                 1 [1mprofile[0m                  [90m│[0m
[90m├[0m[90m───────────────[0m[90m┬[0m[90m──────────[0m[90m┬[0m[90m─────────────────[0m[90m┤[0m
[90m│[0m    [1mProfile[0m    [90m│[0m [1mEnv vars[0m [90m│[0m     [1mPackages[0m    [90m│[0m
[90m╞[0m[90m═══════════════[0m[90m╪[0m[90m══════════[0m[90m╪[0m[90m═════════════════[0m[90m╡[0m
[90m│[0m foo [32m[current][0m [90m│[0m FOO=BAR  [90m│[0m container-A_1.0 [90m│[0m
[90m└[0m[90m───────────────[0m[90m┴[0m[90m──────────[0m[90m┴[0m[90m─────────────────[0m[90m┘[0m