export LEAF_VERSION="{LEAF_VERSION}";
export LEAF_PLATFORM_SYSTEM="{PLATFORM_SYSTEM}";
export LEAF_PLATFORM_MACHINE="{PLATFORM_MACHINE}";
export LEAF_PLATFORM_RELEASE="{PLATFORM_RELEASE}";
export LEAF_WORKSPACE="{ROOT_FOLDER}/volatile/workspace";
export LEAF_PROFILE="bar";
export UNKNWONVAR="TOTO";
export LEAF_WORKSPACE="{ROOT_FOLDER}/volatile/workspace";
export FOO="BAR";
export LEAF_WORKSPACE="{ROOT_FOLDER}/volatile/workspace";
export FOO="BAR";
export HELLO="PLOP";
export LEAF_WORKSPACE="{ROOT_FOLDER}/volatile/workspace";
export FOO="BAR";
export HELLO="wOrlD";
export FOO2="BAR2";
export LEAF_ENV_B="BAR";
export LEAF_PATH_B="$PATH:{ROOT_FOLDER}/volatile/packages/env-B_1.0";
export LEAF_ENV_A="FOO";
export LEAF_PATH_A="$PATH:{ROOT_FOLDER}/volatile/packages/env-A_1.0:{ROOT_FOLDER}/volatile/packages/env-B_1.0";
export LEAF_ENV_A="FOO";
export LEAF_PATH_A="$PATH:{ROOT_FOLDER}/volatile/packages/env-A_1.0:{ROOT_FOLDER}/volatile/packages/env-B_1.0";
export LEAF_VERSION="{LEAF_VERSION}";
export LEAF_PLATFORM_SYSTEM="{PLATFORM_SYSTEM}";
export LEAF_PLATFORM_MACHINE="{PLATFORM_MACHINE}";
export LEAF_PLATFORM_RELEASE="{PLATFORM_RELEASE}";
export FOO="BAR";
export FOO2="BAR2";
export LEAF_PROFILE="bar";