┌────────────────────────────────────────────────────────┐
│ Workspace: {ROOT_FOLDER}/volatile/workspace │
│                       0 profile                        │
└────────────────────────────────────────────────────────┘
┌────────────────────────────────────────────────────────┐
│ Workspace: {ROOT_FOLDER}/volatile/workspace │
│                       2 profiles                       │
├─────────┬──────────────────────────────────────────────┤
│ Profile │                     Sync                     │
╞═════════╪══════════════════════════════════════════════╡
│   foo   │                      no                      │
├─────────┼──────────────────────────────────────────────┤
│   bar   │                      no                      │
└─────────┴──────────────────────────────────────────────┘