┌───────────┐
│ 0 feature │
└───────────┘
┌─────────────────────────────────────┐
│              2 features             │
├─────────┬─────────────┬─────────────┤
│ Feature │ Description │    Values   │
╞═════════╪═════════════╪═════════════╡
│ id1     │ message1    │ enum1       │
│ id2     │ message2    │ enum2|enum3 │
└─────────┴─────────────┴─────────────┘