┌───────────┐
│ 0 profile │
└───────────┘
┌────────────┐
│ 2 profiles │
├────────────┤
│ foo        │
│ bar        │
└────────────┘