┌───────────────────────────────────────────────────┐
│                     3 remotes                     │
├───────────────────────────┬─────────────┬─────────┤
│           Alias           │     URL     │ Enabled │
╞═══════════════════════════╪═════════════╪═════════╡
│ MyRemote                  │ remote_url1 │ yes     │
│ AnotherRemoteWithLessInfo │ remote_url1 │ yes     │
│ DisabledRemote            │ remote_url3 │ no      │
└───────────────────────────┴─────────────┴─────────┘