┌──────────────────────────┐
│ 0 package - Filter: None │
└──────────────────────────┘
┌───────────────────────────────────────────────────────────────────────┐
│                       88 packages - Filter: None                      │
├─────────────────────────────────────┬───────────────────────┬─────────┤
│              Identifier             │      Description      │   Tags  │
╞═════════════════════════════════════╪═══════════════════════╪═════════╡
│ composite_1.0                       │                       │         │
│ compress-bz2_1.0                    │                       │         │
│ compress-gz_1.0                     │                       │         │
│ compress-tar_1.0                    │                       │         │
│ compress-xz_1.0                     │                       │         │
│ condition-A_1.0                     │                       │         │
│ condition-A_2.0                     │                       │         │
│ condition-B_1.0                     │                       │         │
│ condition-C_1.0                     │                       │         │
│ condition-D_1.0                     │                       │         │
│ condition-E_1.0                     │                       │         │
│ condition-F_1.0                     │                       │         │
│ condition-G_1.0                     │                       │         │
│ condition-H_1.0                     │                       │         │
│ condition_1.0                       │                       │         │
│ container-A_1.0                     │                       │ foo     │
│ container-A_1.1                     │                       │ bar     │
│ container-A_2.0                     │                       │ foo,bar │
│ container-A_2.1                     │                       │ foo,bar │
│ container-B_1.0                     │                       │ foo     │
│ container-C_1.0                     │                       │ bar     │
│ container-D_1.0                     │                       │ foo,bar │
│ container-E_1.0                     │                       │         │
│ container-E_1.1                     │                       │         │
│ env-A_1.0                           │                       │         │
│ env-B_1.0                           │                       │         │
│ failure-badhash_1.0                 │                       │         │
│ failure-depends-leaf_1.0            │                       │         │
│ failure-postinstall-exec-silent_1.0 │                       │         │
│ failure-postinstall-exec_1.0        │                       │         │
│ featured-with-source_1.0            │                       │         │
│ install_1.0                         │ this is a description │         │
│ prereq-A_1.0                        │                       │         │
│ prereq-B_1.0                        │                       │         │
│ prereq-C_1.0                        │                       │         │
│ prereq-D_1.0                        │                       │         │
│ prereq-env_1.0                      │                       │         │
│ prereq-false_1.0                    │                       │         │
│ prereq-true_1.0                     │                       │         │
│ source_1.0                          │                       │         │
│ sync_1.0                            │                       │         │
│ version_1.0                         │                       │         │
│ version_1.1                         │                       │         │
│ version_2.0                         │                       │         │
│ composite_1.0                       │                       │         │
│ compress-bz2_1.0                    │                       │         │
│ compress-gz_1.0                     │                       │         │
│ compress-tar_1.0                    │                       │         │
│ compress-xz_1.0                     │                       │         │
│ condition-A_1.0                     │                       │         │
│ condition-A_2.0                     │                       │         │
│ condition-B_1.0                     │                       │         │
│ condition-C_1.0                     │                       │         │
│ condition-D_1.0                     │                       │         │
│ condition-E_1.0                     │                       │         │
│ condition-F_1.0                     │                       │         │
│ condition-G_1.0                     │                       │         │
│ condition-H_1.0                     │                       │         │
│ condition_1.0                       │                       │         │
│ container-A_1.0                     │                       │ foo     │
│ container-A_1.1                     │                       │ bar     │
│ container-A_2.0                     │                       │ foo,bar │
│ container-A_2.1                     │                       │ foo,bar │
│ container-B_1.0                     │                       │ foo     │
│ container-C_1.0                     │                       │ bar     │
│ container-D_1.0                     │                       │ foo,bar │
│ container-E_1.0                     │                       │         │
│ container-E_1.1                     │                       │         │
│ env-A_1.0                           │                       │         │
│ env-B_1.0                           │                       │         │
│ failure-badhash_1.0                 │                       │         │
│ failure-depends-leaf_1.0            │                       │         │
│ failure-postinstall-exec-silent_1.0 │                       │         │
│ failure-postinstall-exec_1.0        │                       │         │
│ featured-with-source_1.0            │                       │         │
│ install_1.0                         │ this is a description │         │
│ prereq-A_1.0                        │                       │         │
│ prereq-B_1.0                        │                       │         │
│ prereq-C_1.0                        │                       │         │
│ prereq-D_1.0                        │                       │         │
│ prereq-env_1.0                      │                       │         │
│ prereq-false_1.0                    │                       │         │
│ prereq-true_1.0                     │                       │         │
│ source_1.0                          │                       │         │
│ sync_1.0                            │                       │         │
│ version_1.0                         │                       │         │
│ version_1.1                         │                       │         │
│ version_2.0                         │                       │         │
└─────────────────────────────────────┴───────────────────────┴─────────┘