# Leaf built-in variables
export LEAF_VERSION="{TESTS_LEAF_VERSION}";
export LEAF_PLATFORM_SYSTEM="{TESTS_PLATFORM_SYSTEM}";
export LEAF_PLATFORM_MACHINE="{TESTS_PLATFORM_MACHINE}";
export LEAF_PLATFORM_RELEASE="{TESTS_PLATFORM_RELEASE}";
# test
export FOO="BAR";