####### Test with 2 other profiles, 2 incl, 1 deps #######
┌──────────────────────────────────────────────────────────────────┐
│                   Workspace: fake/root/folder                    │
╞══════════════════════════════════════════════════════════════════╡
│                Profile: profile1 [current] (sync)                │
├─────────────┬────────────────────────────────────────────────────┤
│ Environment │ WS_KEY=VALUE                                       │
│             │ LEAF_PROFILE=profile1                              │
│             │ Foo1=Bar1                                          │
│             │ Foo2=Bar2                                          │
│             │ Foo3=Bar3                                          │
├─────────────┼─────────────────┬──────────────────────────────────┤
│   Packages  │    Identifier   │           Description            │
├─────────────┼─────────────────┼──────────────────────────────────┤
│   Included  │ container-A_1.0 │ Fake description for container A │
│             │ container-B_1.0 │ Fake description for container B │
├─────────────┼─────────────────┼──────────────────────────────────┤
│  Dependency │ container-C_1.0 │ Fake description for container C │
└─────────────┴─────────────────┴──────────────────────────────────┘
Other profiles: profile2, profile3



####### Test with 1 other profile, 0 incl, 0 deps #######
┌────────────────────────────────────────┐
│      Workspace: fake/root/folder       │
╞════════════════════════════════════════╡
│ Profile: profile2 [current] (not sync) │
├─────────────┬──────────────────────────┤
│ Environment │ WS_KEY=VALUE             │
│             │ LEAF_PROFILE=profile2    │
└─────────────┴──────────────────────────┘
Other profile: profile1



####### Test with 1 other profile, 1 incl (not fetched), 0 deps #######
┌─────────────────────────────────────────────┐
│         Workspace: fake/root/folder         │
╞═════════════════════════════════════════════╡
│    Profile: profile3 [current] (not sync)   │
├─────────────┬───────────────────────────────┤
│ Environment │ WS_KEY=VALUE                  │
│             │ LEAF_PROFILE=profile3         │
├─────────────┼─────────────────┬─────────────┤
│   Packages  │    Identifier   │ Description │
├─────────────┼─────────────────┼─────────────┤
│   Included  │ container-C_1.0 │             │
└─────────────┴─────────────────┴─────────────┘
Other profile: profile2



####### Test with no other profiles, no included nor deps nor envvars #######
┌────────────────────────────────────────┐
│      Workspace: fake/root/folder       │
╞════════════════════════════════════════╡
│ Profile: profile2 [current] (not sync) │
├─────────────┬──────────────────────────┤
│ Environment │ WS_KEY=VALUE             │
│             │ LEAF_PROFILE=profile2    │
└─────────────┴──────────────────────────┘