┌────────────────────────────────────┐
│ Configuration folder: /fake/folder │
└────────────────────────────────────┘
┌───────────────────────────────────────────────┐
│       Configuration folder: /fake/folder      │
├────────────┬──────────────────┬───────────────┤
│ Identifier │   Description    │     Value     │
╞════════════╪══════════════════╪═══════════════╡
│ foo.id1    │                  │ "Hello world" │
│ foo.id1    │ some description │ "Hello world" │
│ foo.id2    │ some description │               │
│ foo.id1    │ some description │ "Hello world" │
│ foo.id1    │ some description │ "Hello world" │
│ foo.id1    │ some description │ "Hello world" │
│ foo.id1    │ some description │ "Hello world" │
│ foo.id1    │ some description │ "Hello world" │
│ foo.id1    │ some description │ "Hello world" │
│ foo.id1    │ some description │ "Hello world" │
└────────────┴──────────────────┴───────────────┘