┌──────────────────────────────────────────────────────────────────────────┐
│                                2 remotes                                 │
├─────────┬────────────────────────────────────────────────────────────────┤
│  Alias  │                           Properties                           │
╞═════════╪════════════════════════════════════════════════════════════════╡
│ default │     Url: {REMOTE_URL} │
│         │ Enabled: yes                                                   │
│         │ Fetched: no                                                    │
├─────────┼────────────────────────────────────────────────────────────────┤
│ alt     │     Url: {REMOTE_URL} │
│         │ Enabled: no                                                    │
└─────────┴────────────────────────────────────────────────────────────────┘