┌────────────────────────────────────────────┐
│                 1 profile                  │
├───────────────┬──────────┬─────────────────┤
│    Profile    │ Env vars │     Packages    │
╞═══════════════╪══════════╪═════════════════╡
│ foo [current] │ FOO=BAR  │ container-A_1.0 │
└───────────────┴──────────┴─────────────────┘