[90m┌[0m[90m─────────[0m[90m─[0m[90m───────────[0m[90m─[0m[90m─────────────────[0m[90m┐[0m
[90m│[0m               2 [1mprofiles[0m              [90m│[0m
[90m├[0m[90m─────────[0m[90m┬[0m[90m───────────[0m[90m┬[0m[90m─────────────────[0m[90m┤[0m
[90m│[0m [1mProfile[0m [90m│[0m  [1mEnv vars[0m [90m│[0m     [1mPackages[0m    [90m│[0m
[90m╞[0m[90m═════════[0m[90m╪[0m[90m═══════════[0m[90m╪[0m[90m═════════════════[0m[90m╡[0m
[90m│[0m foo     [90m│[0m FOO=BAR   [90m│[0m container-A_1.0 [90m│[0m
[90m│[0m         [90m│[0m FOO2=BAR2 [90m│[0m                 [90m│[0m
[90m├[0m[90m─────────[0m[90m┼[0m[90m───────────[0m[90m┼[0m[90m─────────────────[0m[90m┤[0m
[90m│[0m bar     [90m│[0m           [90m│[0m container-B_1.0 [90m│[0m
[90m└[0m[90m─────────[0m[90m┴[0m[90m───────────[0m[90m┴[0m[90m─────────────────[0m[90m┘[0m