container-A_1.0
container-A_1.1
container-A_2.0
container-A_2.1
