featureWithDups
featureWithMultipleKeys
myFeatureFoo
myFeatureHello
test-src