{TESTS_FOLDER}/volatile/packages
{TESTS_FOLDER}/volatile/cache