Unknown package container-A_1.0
┌────────────────────────────────────────────────────────┐
│ Workspace: {TESTS_FOLDER}/volatile/workspace │
╞════════════════════════════════════════════════════════╡
│           Profile: foo [current] (not sync)            │
├─────────────┬──────────────────────────────────────────┤
│ Environment │ LEAF_PROFILE=foo                         │
│             │ FOO=BAR                                  │
├─────────────┼─────────────────┬────────────────────────┤
│   Packages  │    Identifier   │      Description       │
├─────────────┼─────────────────┼────────────────────────┤
│   Included  │ container-A_1.0 │                        │
└─────────────┴─────────────────┴────────────────────────┘