┌──────────────────────────────────────────────────────────────────────────┐
│                                3 remotes                                 │
├─────────┬────────────────────────────────────────────────────────────────┤
│  Alias  │                           Properties                           │
╞═════════╪════════════════════════════════════════════════════════════════╡
│ default │     Url: {TESTS_REMOTE_URL} │
│         │ Enabled: yes                                                   │
│         │ Fetched: no                                                    │
├─────────┼────────────────────────────────────────────────────────────────┤
│ other   │     Url: {TESTS_REMOTE_URL2}       │
│         │ Enabled: yes                                                   │
│         │ Fetched: no                                                    │
├─────────┼────────────────────────────────────────────────────────────────┤
│ alt     │     Url: {TESTS_REMOTE_URL} │
│         │ Enabled: no                                                    │
└─────────┴────────────────────────────────────────────────────────────────┘
