####### Test with no profile #######
┌─────────────────────────────┐
│ Workspace: fake/root/folder │
└─────────────────────────────┘



####### Test with various profiles #######
┌───────────────────────────────────────────────────────────────┐
│                  Workspace: fake/root/folder                  │
╞═══════════════════════════════════════════════════════════════╡
│                    Profile: profile1 (sync)                   │
├──────────┬─────────────────┬──────────────────────────────────┤
│ Packages │    Identifier   │           Description            │
├──────────┼─────────────────┼──────────────────────────────────┤
│ Included │ container-A_1.0 │ Fake description for container A │
╞══════════╧═════════════════╧══════════════════════════════════╡
│             Profile: profile2 [current] (not sync)            │
├──────────┬─────────────────┬──────────────────────────────────┤
│ Packages │    Identifier   │           Description            │
├──────────┼─────────────────┼──────────────────────────────────┤
│ Included │ container-B_1.0 │ Fake description for container B │
╞══════════╧═════════════════╧══════════════════════════════════╡
│                    Profile: profile3 (sync)                   │
╞═══════════════════════════════════════════════════════════════╡
│                  Profile: profile4 (not sync)                 │
└───────────────────────────────────────────────────────────────┘
