┌──────────────────────────────────────────────────────┐
│              8 packages - Filter: None               │
├─────────────────┬────────────────────────────────────┤
│    Identifier   │             Properties             │
╞═════════════════╪════════════════════════════════════╡
│ condition-B_1.0 │            Source: default         │
│                 │              Size: 10 kB           │
├─────────────────┼────────────────────────────────────┤
│ condition-C_1.0 │            Source: default         │
│                 │              Size: 10 kB           │
├─────────────────┼────────────────────────────────────┤
│ condition-D_1.0 │            Source: default         │
│                 │              Size: 10 kB           │
├─────────────────┼────────────────────────────────────┤
│ condition-E_1.0 │            Source: default         │
│                 │              Size: 10 kB           │
├─────────────────┼────────────────────────────────────┤
│ condition-F_1.0 │            Source: default         │
│                 │              Size: 10 kB           │
├─────────────────┼────────────────────────────────────┤
│ condition-G_1.0 │            Source: default         │
│                 │              Size: 10 kB           │
├─────────────────┼────────────────────────────────────┤
│ condition-H_1.0 │            Source: default         │
│                 │              Size: 10 kB           │
├─────────────────┼────────────────────────────────────┤
│ condition_1.0   │            Source: default         │
│                 │ Included Packages: condition-A_1.0 │
│                 │                    condition-B_1.0 │
│                 │                    condition-C_1.0 │
│                 │                    condition-D_1.0 │
│                 │                    condition-E_1.0 │
│                 │                    condition-F_1.0 │
│                 │                    condition-G_1.0 │
│                 │                    condition-H_1.0 │
└─────────────────┴────────────────────────────────────┘
