condition (1.0)
description: 
dependencies: condition-A_1.0(FOO), condition-B_1.0(!FOO), condition-C_1.0(FOO=BAR), condition-D_1.0(FOO!=BAR), condition-E_1.0(HELLO~WoRlD), condition-F_1.0(HELLO!~WoRlD), condition-G_1.0(FOO=BAR)(FOO2=BAR2)(HELLO~WoRlD), condition-H_1.0(FOO!=BAR)(FOO2!=BAR2)(HELLO!~WoRlD)
extra values: 


install (1.0)
description: this is a description
dependencies: 
extra values: mykey=myvar, myotherkey=anothervar

