[90m┌[0m[90m─[0m[90m─[0m[90m──────────────────────────────────────────────────────[0m[90m┐[0m
[90m│[0m Workspace: {ROOT_FOLDER}/volatile/workspace [90m│[0m
[90m│[0m                       0 [1mprofile[0m                        [90m│[0m
[90m└[0m[90m─[0m[90m─[0m[90m──────────────────────────────────────────────────────[0m[90m┘[0m
[90m┌[0m[90m─────────[0m[90m─[0m[90m──────────────────────────────────────────────[0m[90m┐[0m
[90m│[0m Workspace: {ROOT_FOLDER}/volatile/workspace [90m│[0m
[90m│[0m                       2 [1mprofiles[0m                       [90m│[0m
[90m├[0m[90m─────────[0m[90m┬[0m[90m──────────────────────────────────────────────[0m[90m┤[0m
[90m│[0m [1mProfile[0m [90m│[0m                     [1mSync[0m                     [90m│[0m
[90m╞[0m[90m═════════[0m[90m╪[0m[90m══════════════════════════════════════════════[0m[90m╡[0m
[90m│[0m   foo   [90m│[0m                      no                      [90m│[0m
[90m├[0m[90m─────────[0m[90m┼[0m[90m──────────────────────────────────────────────[0m[90m┤[0m
[90m│[0m   bar   [90m│[0m                      no                      [90m│[0m
[90m└[0m[90m─────────[0m[90m┴[0m[90m──────────────────────────────────────────────[0m[90m┘[0m