[90m┌[0m[90m───────────[0m[90m┐[0m
[90m│[0m 0 [1mprofile[0m [90m│[0m
[90m└[0m[90m───────────[0m[90m┘[0m
[90m┌[0m[90m────────────[0m[90m┐[0m
[90m│[0m 2 [1mprofiles[0m [90m│[0m
[90m├[0m[90m────────────[0m[90m┤[0m
[90m│[0m foo        [90m│[0m
[90m│[0m bar        [90m│[0m
[90m└[0m[90m────────────[0m[90m┘[0m