[90m┌[0m[90m─[0m[90m─[0m[90m─[0m[90m─[0m[90m───────[0m[90m┐[0m
[90m│[0m 0 [1mfeature[0m [90m│[0m
[90m└[0m[90m─[0m[90m─[0m[90m─[0m[90m─[0m[90m───────[0m[90m┘[0m
[90m┌[0m[90m─────────[0m[90m─[0m[90m─────────────[0m[90m─[0m[90m─────────────[0m[90m┐[0m
[90m│[0m              2 [1mfeatures[0m             [90m│[0m
[90m├[0m[90m─────────[0m[90m┬[0m[90m─────────────[0m[90m┬[0m[90m─────────────[0m[90m┤[0m
[90m│[0m [1mFeature[0m [90m│[0m [1mDescription[0m [90m│[0m    [1mValues[0m   [90m│[0m
[90m╞[0m[90m═════════[0m[90m╪[0m[90m═════════════[0m[90m╪[0m[90m═════════════[0m[90m╡[0m
[90m│[0m id1     [90m│[0m message1    [90m│[0m enum1       [90m│[0m
[90m│[0m id2     [90m│[0m message2    [90m│[0m enum2|enum3 [90m│[0m
[90m└[0m[90m─────────[0m[90m┴[0m[90m─────────────[0m[90m┴[0m[90m─────────────[0m[90m┘[0m