[90m┌[0m[90m───────────────────────────[0m[90m─[0m[90m─────────────[0m[90m─[0m[90m─────────[0m[90m┐[0m
[90m│[0m                     3 [1mremotes[0m                     [90m│[0m
[90m├[0m[90m───────────────────────────[0m[90m┬[0m[90m─────────────[0m[90m┬[0m[90m─────────[0m[90m┤[0m
[90m│[0m           [1mAlias[0m           [90m│[0m     [1mURL[0m     [90m│[0m [1mEnabled[0m [90m│[0m
[90m╞[0m[90m═══════════════════════════[0m[90m╪[0m[90m═════════════[0m[90m╪[0m[90m═════════[0m[90m╡[0m
[90m│[0m MyRemote                  [90m│[0m remote_url1 [90m│[0m yes     [90m│[0m
[90m│[0m AnotherRemoteWithLessInfo [90m│[0m remote_url1 [90m│[0m yes     [90m│[0m
[90m│[0m [90mDisabledRemote[0m            [90m│[0m [90mremote_url3[0m [90m│[0m [90mno[0m      [90m│[0m
[90m└[0m[90m───────────────────────────[0m[90m┴[0m[90m─────────────[0m[90m┴[0m[90m─────────[0m[90m┘[0m