Configuration file: {TESTS_VOLATILE_FOLDER}/config/config.json
Packages install folder: {TESTS_INSTALL_FOLDER}