export LEAF_VERSION="{LEAF_VERSION}";
export LEAF_PLATFORM_SYSTEM="{PLATFORM_SYSTEM}";
export LEAF_PLATFORM_MACHINE="{PLATFORM_MACHINE}";
export LEAF_PLATFORM_RELEASE="{PLATFORM_RELEASE}";
export LEAF_NON_INTERACTIVE="1";
export FOO="BAR";