####### Test with no profile #######



####### Test with various profiles #######
profile1
profile2
profile3
profile4