┌─────────────────────────────────┐
│ 0 package - Filter: only master │
└─────────────────────────────────┘
