┌────────────────────────────────────┐
│      1 package - Filter: None      │
├───────────────┬─────────────┬──────┤
│   Identifier  │ Description │ Tags │
╞═══════════════╪═════════════╪══════╡
│ condition_1.0 │             │      │
└───────────────┴─────────────┴──────┘
