┌──────────────────────────────────────┐
│       1 package - Filter: None       │
├─────────────────┬─────────────┬──────┤
│    Identifier   │ Description │ Tags │
╞═════════════════╪═════════════╪══════╡
│ prereq-true_1.0 │             │      │
└─────────────────┴─────────────┴──────┘
