┌─────────────────────────────────┐
│ 0 package - Filter: only master │
└─────────────────────────────────┘
┌─────────────────────────────────────────────────────────────────────────────────────────────────┐
│                                  3 packages - Filter: no filter                                 │
├─────────────────┬───────────────────────────────────────────────────────────────────────────────┤
│    Identifier   │                                   Properties                                  │
╞═════════════════╪═══════════════════════════════════════════════════════════════════════════════╡
│ container-A_2.1 │              Tags: foo,bar                                                    │
│                 │            Folder: {TESTS_INSTALL_FOLDER}/container-A_2.1 │
│                 │ Included Packages: container-C_1.0                                            │
│                 │                    container-D_1.0                                            │
├─────────────────┼───────────────────────────────────────────────────────────────────────────────┤
│ container-C_1.0 │               Tag: bar                                                        │
│                 │            Folder: {TESTS_INSTALL_FOLDER}/container-C_1.0 │
├─────────────────┼───────────────────────────────────────────────────────────────────────────────┤
│ container-D_1.0 │              Tags: foo,bar                                                    │
│                 │            Folder: {TESTS_INSTALL_FOLDER}/container-D_1.0 │
└─────────────────┴───────────────────────────────────────────────────────────────────────────────┘