┌────────────────────────────────────────────────────────┐
│ Workspace: {ROOT_FOLDER}/volatile/workspace │
╞════════════════════════════════════════════════════════╡
│             Profile: foo [current] (sync)              │
├──────────────┬─────────────────────────────────────────┤
│ Environment  │ FOO=BAR                                 │
├──────────────┼─────────────────┬───────────────────────┤
│   Packages   │    Identifier   │      Description      │
├──────────────┼─────────────────┼───────────────────────┤
│   Included   │ container-A_1.0 │ None                  │
├──────────────┼─────────────────┼───────────────────────┤
│ Dependencies │ container-B_1.0 │ None                  │
│              │ container-C_1.0 │ None                  │
│              │ container-E_1.0 │ None                  │
└──────────────┴─────────────────┴───────────────────────┘