┌───────────────────────────────────────────────────────────────────────────┐
│                                 2 remotes                                 │
├─────────┬───────────────────────────────────────────────────────┬─────────┤
│  Alias  │                          URL                          │ Enabled │
╞═════════╪═══════════════════════════════════════════════════════╪═════════╡
│ default │ {REMOTE_URL} │ yes     │
│ alt     │ {REMOTE_URL} │ no      │
└─────────┴───────────────────────────────────────────────────────┴─────────┘