####### Test with no profile #######
[90m┌[0m[90m─[0m[90m─[0m[90m─[0m[90m─[0m[90m─────────────────────────[0m[90m┐[0m
[90m│[0m [1mWorkspace:[0m fake/root/folder [90m│[0m
[90m└[0m[90m─[0m[90m─[0m[90m─[0m[90m─[0m[90m─────────────────────────[0m[90m┘[0m



####### Test with various profiles #######
[90m┌[0m[90m──────────[0m[90m─[0m[90m─────────────────[0m[90m─[0m[90m──────────────────────────────────[0m[90m┐[0m
[90m│[0m                  [1mWorkspace:[0m fake/root/folder                  [90m│[0m
[90m╞[0m[90m══════════[0m[90m═[0m[90m═════════════════[0m[90m═[0m[90m══════════════════════════════════[0m[90m╡[0m
[90m│[0m                    [1mProfile:[0m profile1 (sync)                   [90m│[0m
[90m├[0m[90m──────────[0m[90m┬[0m[90m─────────────────[0m[90m┬[0m[90m──────────────────────────────────[0m[90m┤[0m
[90m│[0m [1mPackages[0m [90m│[0m    [1mIdentifier[0m   [90m│[0m           [1mDescription[0m            [90m│[0m
[90m├[0m[90m──────────[0m[90m┼[0m[90m─────────────────[0m[90m┼[0m[90m──────────────────────────────────[0m[90m┤[0m
[90m│[0m [1mIncluded[0m [90m│[0m container-A_1.0 [90m│[0m Fake description for container A [90m│[0m
[90m╞[0m[90m══════════[0m[90m╧[0m[90m═════════════════[0m[90m╧[0m[90m══════════════════════════════════[0m[90m╡[0m
[90m│[0m            [1mProfile:[0m profile2 [32m[current][0m (not sync)             [90m│[0m
[90m├[0m[90m──────────[0m[90m┬[0m[90m─────────────────[0m[90m┬[0m[90m──────────────────────────────────[0m[90m┤[0m
[90m│[0m [1mPackages[0m [90m│[0m    [1mIdentifier[0m   [90m│[0m           [1mDescription[0m            [90m│[0m
[90m├[0m[90m──────────[0m[90m┼[0m[90m─────────────────[0m[90m┼[0m[90m──────────────────────────────────[0m[90m┤[0m
[90m│[0m [1mIncluded[0m [90m│[0m container-B_1.0 [90m│[0m Fake description for container B [90m│[0m
[90m╞[0m[90m══════════[0m[90m╧[0m[90m═════════════════[0m[90m╧[0m[90m══════════════════════════════════[0m[90m╡[0m
[90m│[0m                    [1mProfile:[0m profile3 (sync)                   [90m│[0m
[90m╞[0m[90m══════════[0m[90m═[0m[90m═════════════════[0m[90m═[0m[90m══════════════════════════════════[0m[90m╡[0m
[90m│[0m                  [1mProfile:[0m profile4 (not sync)                 [90m│[0m
[90m└[0m[90m──────────[0m[90m─[0m[90m─────────────────[0m[90m─[0m[90m──────────────────────────────────[0m[90m┘[0m
