┌────────────────────────────────────────────────────────┐
│ Workspace: {ROOT_FOLDER}/volatile/workspace │
╞════════════════════════════════════════════════════════╡
│           Profile: foo [current] (not sync)            │
├──────────┬─────────────────┬───────────────────────────┤
│ Packages │    Identifier   │        Description        │
├──────────┼─────────────────┼───────────────────────────┤
│ Included │ container-A_1.0 │                           │
└──────────┴─────────────────┴───────────────────────────┘