┌───────────────────────────────────────┐
│               2 profiles              │
├─────────┬───────────┬─────────────────┤
│ Profile │  Env vars │     Packages    │
╞═════════╪═══════════╪═════════════════╡
│ foo     │ FOO=BAR   │ container-A_1.0 │
│         │ FOO2=BAR2 │                 │
├─────────┼───────────┼─────────────────┤
│ bar     │           │ container-B_1.0 │
└─────────┴───────────┴─────────────────┘