┌──────────────────────────┐
│ 0 package - Filter: None │
└──────────────────────────┘
┌────────────────────────────────────────────────────────────────────────────────┐
│                           86 packages - Filter: None                           │
├─────────────────────────────────────┬──────────────────────────────────────────┤
│              Identifier             │                Properties                │
╞═════════════════════════════════════╪══════════════════════════════════════════╡
│ composite_1.0                       │            Folder: my/fake/folder        │
├─────────────────────────────────────┼──────────────────────────────────────────┤
│ compress-bz2_1.0                    │            Folder: my/fake/folder        │
├─────────────────────────────────────┼──────────────────────────────────────────┤
│ compress-gz_1.0                     │            Folder: my/fake/folder        │
├─────────────────────────────────────┼──────────────────────────────────────────┤
│ compress-tar_1.0                    │            Folder: my/fake/folder        │
├─────────────────────────────────────┼──────────────────────────────────────────┤
│ compress-xz_1.0                     │            Folder: my/fake/folder        │
├─────────────────────────────────────┼──────────────────────────────────────────┤
│ condition-A_1.0                     │            Folder: my/fake/folder        │
├─────────────────────────────────────┼──────────────────────────────────────────┤
│ condition-A_2.0                     │            Folder: my/fake/folder        │
├─────────────────────────────────────┼──────────────────────────────────────────┤
│ condition-B_1.0                     │            Folder: my/fake/folder        │
├─────────────────────────────────────┼──────────────────────────────────────────┤
│ condition-C_1.0                     │            Folder: my/fake/folder        │
├─────────────────────────────────────┼──────────────────────────────────────────┤
│ condition-D_1.0                     │            Folder: my/fake/folder        │
├─────────────────────────────────────┼──────────────────────────────────────────┤
│ condition-E_1.0                     │            Folder: my/fake/folder        │
├─────────────────────────────────────┼──────────────────────────────────────────┤
│ condition-F_1.0                     │            Folder: my/fake/folder        │
├─────────────────────────────────────┼──────────────────────────────────────────┤
│ condition-G_1.0                     │            Folder: my/fake/folder        │
├─────────────────────────────────────┼──────────────────────────────────────────┤
│ condition-H_1.0                     │            Folder: my/fake/folder        │
├─────────────────────────────────────┼──────────────────────────────────────────┤
│ condition_1.0                       │            Folder: my/fake/folder        │
│                                     │ Included Packages: condition-A_1.0       │
│                                     │                    condition-B_1.0       │
│                                     │                    condition-C_1.0       │
│                                     │                    condition-D_1.0       │
│                                     │                    condition-E_1.0       │
│                                     │                    condition-F_1.0       │
│                                     │                    condition-G_1.0       │
│                                     │                    condition-H_1.0       │
├─────────────────────────────────────┼──────────────────────────────────────────┤
│ container-A_1.0                     │               Tag: foo                   │
│                                     │            Folder: my/fake/folder        │
│                                     │ Included Packages: container-B_1.0       │
│                                     │                    container-C_1.0       │
├─────────────────────────────────────┼──────────────────────────────────────────┤
│ container-A_1.1                     │               Tag: bar                   │
│                                     │            Folder: my/fake/folder        │
│                                     │ Included Packages: container-B_1.0       │
│                                     │                    container-C_1.0       │
├─────────────────────────────────────┼──────────────────────────────────────────┤
│ container-A_2.0                     │              Tags: foo,bar               │
│                                     │            Folder: my/fake/folder        │
│                                     │ Included Packages: container-C_1.0       │
│                                     │                    container-D_1.0       │
├─────────────────────────────────────┼──────────────────────────────────────────┤
│ container-A_2.1                     │              Tags: foo,bar               │
│                                     │            Folder: my/fake/folder        │
│                                     │ Included Packages: container-C_1.0       │
│                                     │                    container-D_1.0       │
├─────────────────────────────────────┼──────────────────────────────────────────┤
│ container-B_1.0                     │               Tag: foo                   │
│                                     │            Folder: my/fake/folder        │
│                                     │  Included Package: container-E_1.0       │
├─────────────────────────────────────┼──────────────────────────────────────────┤
│ container-C_1.0                     │               Tag: bar                   │
│                                     │            Folder: my/fake/folder        │
├─────────────────────────────────────┼──────────────────────────────────────────┤
│ container-D_1.0                     │              Tags: foo,bar               │
│                                     │            Folder: my/fake/folder        │
├─────────────────────────────────────┼──────────────────────────────────────────┤
│ container-E_1.0                     │            Folder: my/fake/folder        │
├─────────────────────────────────────┼──────────────────────────────────────────┤
│ container-E_1.1                     │            Folder: my/fake/folder        │
├─────────────────────────────────────┼──────────────────────────────────────────┤
│ env-A_1.0                           │            Folder: my/fake/folder        │
│                                     │  Included Package: env-B_1.0             │
├─────────────────────────────────────┼──────────────────────────────────────────┤
│ env-B_1.0                           │            Folder: my/fake/folder        │
├─────────────────────────────────────┼──────────────────────────────────────────┤
│ failure-depends-leaf_1.0            │            Folder: my/fake/folder        │
│                                     │  Included Package: foobar                │
├─────────────────────────────────────┼──────────────────────────────────────────┤
│ failure-postinstall-exec-silent_1.0 │            Folder: my/fake/folder        │
├─────────────────────────────────────┼──────────────────────────────────────────┤
│ failure-postinstall-exec_1.0        │            Folder: my/fake/folder        │
├─────────────────────────────────────┼──────────────────────────────────────────┤
│ featured-with-source_1.0            │            Folder: my/fake/folder        │
│                                     │ Included Packages: condition-A_1.0       │
│                                     │                    source_1.0            │
├─────────────────────────────────────┼──────────────────────────────────────────┤
│ install_1.0                         │       Description: this is a description │
│                                     │            Folder: my/fake/folder        │
├─────────────────────────────────────┼──────────────────────────────────────────┤
│ prereq-A_1.0                        │            Folder: my/fake/folder        │
├─────────────────────────────────────┼──────────────────────────────────────────┤
│ prereq-B_1.0                        │            Folder: my/fake/folder        │
│                                     │  Included Package: prereq-A_1.0          │
├─────────────────────────────────────┼──────────────────────────────────────────┤
│ prereq-C_1.0                        │            Folder: my/fake/folder        │
│                                     │  Included Package: prereq-true_1.0       │
├─────────────────────────────────────┼──────────────────────────────────────────┤
│ prereq-D_1.0                        │            Folder: my/fake/folder        │
├─────────────────────────────────────┼──────────────────────────────────────────┤
│ prereq-env_1.0                      │            Folder: my/fake/folder        │
├─────────────────────────────────────┼──────────────────────────────────────────┤
│ prereq-false_1.0                    │            Folder: my/fake/folder        │
├─────────────────────────────────────┼──────────────────────────────────────────┤
│ prereq-true_1.0                     │            Folder: my/fake/folder        │
├─────────────────────────────────────┼──────────────────────────────────────────┤
│ source_1.0                          │            Folder: my/fake/folder        │
├─────────────────────────────────────┼──────────────────────────────────────────┤
│ sync_1.0                            │            Folder: my/fake/folder        │
├─────────────────────────────────────┼──────────────────────────────────────────┤
│ version_1.0                         │            Folder: my/fake/folder        │
├─────────────────────────────────────┼──────────────────────────────────────────┤
│ version_1.1                         │            Folder: my/fake/folder        │
├─────────────────────────────────────┼──────────────────────────────────────────┤
│ version_2.0                         │            Folder: my/fake/folder        │
├─────────────────────────────────────┼──────────────────────────────────────────┤
│ composite_1.0                       │              Size: 0 bytes               │
├─────────────────────────────────────┼──────────────────────────────────────────┤
│ compress-bz2_1.0                    │              Size: 0 bytes               │
├─────────────────────────────────────┼──────────────────────────────────────────┤
│ compress-gz_1.0                     │              Size: 0 bytes               │
├─────────────────────────────────────┼──────────────────────────────────────────┤
│ compress-tar_1.0                    │              Size: 0 bytes               │
├─────────────────────────────────────┼──────────────────────────────────────────┤
│ compress-xz_1.0                     │              Size: 0 bytes               │
├─────────────────────────────────────┼──────────────────────────────────────────┤
│ condition-A_1.0                     │              Size: 0 bytes               │
├─────────────────────────────────────┼──────────────────────────────────────────┤
│ condition-A_2.0                     │              Size: 0 bytes               │
├─────────────────────────────────────┼──────────────────────────────────────────┤
│ condition-B_1.0                     │              Size: 0 bytes               │
├─────────────────────────────────────┼──────────────────────────────────────────┤
│ condition-C_1.0                     │              Size: 0 bytes               │
├─────────────────────────────────────┼──────────────────────────────────────────┤
│ condition-D_1.0                     │              Size: 0 bytes               │
├─────────────────────────────────────┼──────────────────────────────────────────┤
│ condition-E_1.0                     │              Size: 0 bytes               │
├─────────────────────────────────────┼──────────────────────────────────────────┤
│ condition-F_1.0                     │              Size: 0 bytes               │
├─────────────────────────────────────┼──────────────────────────────────────────┤
│ condition-G_1.0                     │              Size: 0 bytes               │
├─────────────────────────────────────┼──────────────────────────────────────────┤
│ condition-H_1.0                     │              Size: 0 bytes               │
├─────────────────────────────────────┼──────────────────────────────────────────┤
│ condition_1.0                       │ Included Packages: condition-A_1.0       │
│                                     │                    condition-B_1.0       │
│                                     │                    condition-C_1.0       │
│                                     │                    condition-D_1.0       │
│                                     │                    condition-E_1.0       │
│                                     │                    condition-F_1.0       │
│                                     │                    condition-G_1.0       │
│                                     │                    condition-H_1.0       │
├─────────────────────────────────────┼──────────────────────────────────────────┤
│ container-A_1.0                     │               Tag: foo                   │
│                                     │ Included Packages: container-B_1.0       │
│                                     │                    container-C_1.0       │
├─────────────────────────────────────┼──────────────────────────────────────────┤
│ container-A_1.1                     │               Tag: bar                   │
│                                     │ Included Packages: container-B_1.0       │
│                                     │                    container-C_1.0       │
├─────────────────────────────────────┼──────────────────────────────────────────┤
│ container-A_2.0                     │              Tags: foo,bar               │
│                                     │ Included Packages: container-C_1.0       │
│                                     │                    container-D_1.0       │
├─────────────────────────────────────┼──────────────────────────────────────────┤
│ container-A_2.1                     │              Tags: foo,bar               │
│                                     │ Included Packages: container-C_1.0       │
│                                     │                    container-D_1.0       │
├─────────────────────────────────────┼──────────────────────────────────────────┤
│ container-B_1.0                     │               Tag: foo                   │
│                                     │  Included Package: container-E_1.0       │
├─────────────────────────────────────┼──────────────────────────────────────────┤
│ container-C_1.0                     │               Tag: bar                   │
│                                     │              Size: 0 bytes               │
├─────────────────────────────────────┼──────────────────────────────────────────┤
│ container-D_1.0                     │              Tags: foo,bar               │
│                                     │              Size: 0 bytes               │
├─────────────────────────────────────┼──────────────────────────────────────────┤
│ container-E_1.0                     │              Size: 0 bytes               │
├─────────────────────────────────────┼──────────────────────────────────────────┤
│ container-E_1.1                     │              Size: 0 bytes               │
├─────────────────────────────────────┼──────────────────────────────────────────┤
│ env-A_1.0                           │  Included Package: env-B_1.0             │
├─────────────────────────────────────┼──────────────────────────────────────────┤
│ env-B_1.0                           │              Size: 0 bytes               │
├─────────────────────────────────────┼──────────────────────────────────────────┤
│ failure-depends-leaf_1.0            │  Included Package: foobar                │
├─────────────────────────────────────┼──────────────────────────────────────────┤
│ failure-postinstall-exec-silent_1.0 │              Size: 0 bytes               │
├─────────────────────────────────────┼──────────────────────────────────────────┤
│ failure-postinstall-exec_1.0        │              Size: 0 bytes               │
├─────────────────────────────────────┼──────────────────────────────────────────┤
│ featured-with-source_1.0            │ Included Packages: condition-A_1.0       │
│                                     │                    source_1.0            │
├─────────────────────────────────────┼──────────────────────────────────────────┤
│ install_1.0                         │       Description: this is a description │
│                                     │              Size: 0 bytes               │
├─────────────────────────────────────┼──────────────────────────────────────────┤
│ prereq-A_1.0                        │              Size: 0 bytes               │
├─────────────────────────────────────┼──────────────────────────────────────────┤
│ prereq-B_1.0                        │  Included Package: prereq-A_1.0          │
├─────────────────────────────────────┼──────────────────────────────────────────┤
│ prereq-C_1.0                        │  Included Package: prereq-true_1.0       │
├─────────────────────────────────────┼──────────────────────────────────────────┤
│ prereq-D_1.0                        │              Size: 0 bytes               │
├─────────────────────────────────────┼──────────────────────────────────────────┤
│ prereq-env_1.0                      │              Size: 0 bytes               │
├─────────────────────────────────────┼──────────────────────────────────────────┤
│ prereq-false_1.0                    │              Size: 0 bytes               │
├─────────────────────────────────────┼──────────────────────────────────────────┤
│ prereq-true_1.0                     │              Size: 0 bytes               │
├─────────────────────────────────────┼──────────────────────────────────────────┤
│ source_1.0                          │              Size: 0 bytes               │
├─────────────────────────────────────┼──────────────────────────────────────────┤
│ sync_1.0                            │              Size: 0 bytes               │
├─────────────────────────────────────┼──────────────────────────────────────────┤
│ version_1.0                         │              Size: 0 bytes               │
├─────────────────────────────────────┼──────────────────────────────────────────┤
│ version_1.1                         │              Size: 0 bytes               │
├─────────────────────────────────────┼──────────────────────────────────────────┤
│ version_2.0                         │              Size: 0 bytes               │
└─────────────────────────────────────┴──────────────────────────────────────────┘
